SyntaxError: Bad escaped character in JSON at position 12 (line 1 column 13)
    at JSON.parse (<anonymous>)
    at parse (C:\Users\Utilisateur\programming\github\Inventory_Manager\BACKEND\node_modules\body-parser\lib\types\json.js:91:21)
    at C:\Users\Utilisateur\programming\github\Inventory_Manager\BACKEND\node_modules\body-parser\lib\read.js:162:18
    at AsyncResource.runInAsyncScope (node:async_hooks:214:14)
    at invokeCallback (C:\Users\Utilisateur\programming\github\Inventory_Manager\BACKEND\node_modules\raw-body\index.js:238:16)
    at done (C:\Users\Utilisateur\programming\github\Inventory_Manager\BACKEND\node_modules\raw-body\index.js:227:7)
    at IncomingMessage.onEnd (C:\Users\Utilisateur\programming\github\Inventory_Manager\BACKEND\node_modules\raw-body\index.js:287:7)
    at IncomingMessage.emit (node:events:508:28)
    at endReadableNT (node:internal/streams/readable:1701:12)
    at process.processTicksAndRejections (node:internal/process/task_queues:89:21) {
  expose: true,
  statusCode: 400,
  status: 400,
  body: '{" username\\:\\x\\,\\password\\:\\y\\}',
  type: 'entity.parse.failed'
}
SyntaxError: Expected property name or '}' in JSON at position 1 (line 1 column 2)
    at JSON.parse (<anonymous>)
    at parse (C:\Users\Utilisateur\programming\github\Inventory_Manager\BACKEND\node_modules\body-parser\lib\types\json.js:91:21)
    at C:\Users\Utilisateur\programming\github\Inventory_Manager\BACKEND\node_modules\body-parser\lib\read.js:162:18
    at AsyncResource.runInAsyncScope (node:async_hooks:214:14)
    at invokeCallback (C:\Users\Utilisateur\programming\github\Inventory_Manager\BACKEND\node_modules\raw-body\index.js:238:16)
    at done (C:\Users\Utilisateur\programming\github\Inventory_Manager\BACKEND\node_modules\raw-body\index.js:227:7)
    at IncomingMessage.onEnd (C:\Users\Utilisateur\programming\github\Inventory_Manager\BACKEND\node_modules\raw-body\index.js:287:7)
    at IncomingMessage.emit (node:events:508:28)
    at endReadableNT (node:internal/streams/readable:1701:12)
    at process.processTicksAndRejections (node:internal/process/task_queues:89:21) {
  expose: true,
  statusCode: 400,
  status: 400,
  body: '{\\" "username\\:\\admin\\,\\password\\:\\admin123\\}  ',
  type: 'entity.parse.failed'
}
PrismaClientKnownRequestError: 
Invalid `prisma.user.findUnique()` invocation in
C:\Users\Utilisateur\programming\github\Inventory_Manager\BACKEND\src\routes\auth.ts:13:34

  10   return res.status(400).json({ error: "Username and password are required" });
  11 }
  12 
→ 13 const user = await prisma.user.findUnique(
Database error. Code: `45028`. Message: `pool timeout: failed to retrieve a connection from pool after 10004ms
    (pool connections: active=0 idle=0 limit=10)`
    at Jr.handleRequestError (C:\Users\Utilisateur\programming\github\Inventory_Manager\BACKEND\node_modules\@prisma\client\src\runtime\RequestHandler.ts:237:13)
    at Jr.handleAndLogRequestError (C:\Users\Utilisateur\programming\github\Inventory_Manager\BACKEND\node_modules\@prisma\client\src\runtime\RequestHandler.ts:183:12)
    at Jr.request (C:\Users\Utilisateur\programming\github\Inventory_Manager\BACKEND\node_modules\@prisma\client\src\runtime\RequestHandler.ts:152:12)
    at process.processTicksAndRejections (node:internal/process/task_queues:103:5)
    at async a (C:\Users\Utilisateur\programming\github\Inventory_Manager\BACKEND\node_modules\@prisma\client\src\runtime\getPrismaClient.ts:1014:24)
    at async <anonymous> (C:\Users\Utilisateur\programming\github\Inventory_Manager\BACKEND\src\routes\auth.ts:13:16) {
  code: 'P2039',
  meta: {
    modelName: 'User',
    driverAdapterError: DriverAdapterError: pool timeout: failed to retrieve a connection from pool after 10004ms
        (pool connections: active=0 idle=0 limit=10)
        at PrismaMariaDbAdapter.onError (file:///C:/Users/Utilisateur/programming/github/Inventory_Manager/BACKEND/node_modules/@prisma/adapter-mariadb/dist/index.mjs:320:11)
        at PrismaMariaDbAdapter.performIO (file:///C:/Users/Utilisateur/programming/github/Inventory_Manager/BACKEND/node_modules/@prisma/adapter-mariadb/dist/index.mjs:315:12)
        at process.processTicksAndRejections (node:internal/process/task_queues:103:5)
        at async PrismaMariaDbAdapter.queryRaw (file:///C:/Users/Utilisateur/programming/github/Inventory_Manager/BACKEND/node_modules/@prisma/adapter-mariadb/dist/index.mjs:280:20)
        at async e.interpretNode (C:\Users\Utilisateur\programming\github\Inventory_Manager\BACKEND\node_modules\@prisma\client-engine-runtime\src\interpreter\query-interpreter.ts:186:26)
        at async e.interpretNode (C:\Users\Utilisateur\programming\github\Inventory_Manager\BACKEND\node_modules\@prisma\client-engine-runtime\src\interpreter\query-interpreter.ts:213:41)
        at async e.interpretNode (C:\Users\Utilisateur\programming\github\Inventory_Manager\BACKEND\node_modules\@prisma\client-engine-runtime\src\interpreter\query-interpreter.ts:272:41)
        at async e.run (C:\Users\Utilisateur\programming\github\Inventory_Manager\BACKEND\node_modules\@prisma\client-engine-runtime\src\interpreter\query-interpreter.ts:94:23)
        at async e.execute (C:\Users\Utilisateur\programming\github\Inventory_Manager\BACKEND\node_modules\@prisma\client\src\runtime\core\engines\client\LocalExecutor.ts:81:12)
        at async Ut.request (C:\Users\Utilisateur\programming\github\Inventory_Manager\BACKEND\node_modules\@prisma\client\src\runtime\core\engines\client\ClientEngine.ts:510:22) {
      cause: [Object]
    }
  },
  clientVersion: '7.9.1'
}
